-=Punset=-
Usa Arriba o el segundo boton del mando para saltar. 
Pulsa Disparo para crear o destruir bloques de hielo.
Pulsa Abajo para crear o destruir los bloques de hielo a tus pies.
Manten pulsado Disparo 1 para cargar una bola de energia, sueltalo para disparar. Es necesario recoger capsulas de energia.
Debes recoger todas las baterias para hacer funcionar cada reactor.Hasta que no las tengas todas, no podras ponerlo de nuevo en marcha.
Corben, algo ha apagado los reactores climaticos! Debes encontrarlos y reactivarlos, o nos enfrentaremos a una nueva ERA GLACIAL!
-=Zoe=-
Date prisa, Corben. Si los reactores continuan apagados mucho mas tiempo, el clima cambiara irreversiblemente!
Deben existir como un unico organismo, y deben dejar de existir del mismo modo.
-=Frost=-
Estoy oyendo ruidos muy raros. Ve por delante, yo te espero aqui!
Lo has conseguido! Has acabado con la amenaza y restaurado el clima!



















































































































































































































































